PS C:\Users\10658\Desktop> date

2022年6月2日 23:36:03

PS C:\Users\10658\Desktop> systeminfo

主机名:           L-165
OS 名称:          Microsoft Windows 11 家庭中文版
OS 版本:          10.0.22000 暂缺 Build 22000
OS 制造商:        Microsoft Corporation
OS 配置:          独立工作站
OS 构建类型:      Multiprocessor Free
注册的所有人:     1065851969@qq.com
注册的组织:       暂缺
产品 ID:          00342-35435-66628-AAOEM
初始安装日期:     2022/1/5, 4:37:48
系统启动时间:     2022/5/31, 0:43:58
系统制造商:       Timi
系统型号:         TM1701
系统类型:         x64-based PC
处理器:           安装了 1 个处理器。
                  [01]: Intel64 Family 6 Model 142 Stepping 10 GenuineIntel ~1801 Mhz
BIOS 版本:        INSYDE Corp. XMAKB5R0P0C07, 2019/2/22
Windows 目录:     C:\WINDOWS
系统目录:         C:\WINDOWS\system32
启动设备:         \Device\HarddiskVolume1
系统区域设置:     zh-cn;中文(中国)
输入法区域设置:   zh-cn;中文(中国)
时区:             (UTC+08:00) 北京，重庆，香港特别行政区，乌鲁木齐
物理内存总量:     8,076 MB
可用的物理内存:   1,646 MB
虚拟内存: 最大值: 16,152 MB
虚拟内存: 可用:   6,043 MB
虚拟内存: 使用中: 10,109 MB
页面文件位置:     C:\pagefile.sys
域:               WORKGROUP
登录服务器:       \\L-165
修补程序:         安装了 4 个修补程序。
                  [01]: KB5013628
                  [02]: KB5007575
                  [03]: KB5013943
                  [04]: KB5012674
网卡:             安装了 5 个 NIC。
                  [01]: VirtualBox Host-Only Ethernet Adapter
                      连接名:      以太网 4
                      启用 DHCP:   否
                      IP 地址
                        [01]: 192.168.56.1
                        [02]: fe80::68ad:163e:3354:c483
                  [02]: Sangfor SSL VPN CS Support System VNIC
                      连接名:      以太网 2
                      状态:        媒体连接已中断
                  [03]: Intel(R) Dual Band Wireless-AC 8265
                      连接名:      WLAN
                      启用 DHCP:   是
                      DHCP 服务器: 10.208.64.1
                      IP 地址
                        [01]: 10.208.74.46
                        [02]: fe80::dc66:99ad:d20:fa16
                        [03]: 2001:da8:1002:a001::6:fb5b
                  [04]: Bluetooth Device (Personal Area Network)
                      连接名:      蓝牙网络连接
                      状态:        媒体连接已中断
                  [05]: SVN Adapter V1.0
                      连接名:      以太网 5
                      状态:        没有硬件
Hyper-V 要求:     虚拟机监视器模式扩展: 是
                  固件中已启用虚拟化: 是
                  二级地址转换: 是
                  数据执行保护可用: 是

PS C:\Users\10658\Desktop> .\autorunsc64.exe

Sysinternals Autoruns v14.09 - Autostart program viewer
Copyright (C) 2002-2022 Mark Russinovich
Sysinternals - www.sysinternals.com


HKLM\System\CurrentControlSet\Control\Terminal Server\Wds\rdpwd\StartupPrograms
   rdpclip
     rdpclip
     RDP 剪贴板监视程序
     Microsoft Corporation
     10.0.22000.675
     c:\windows\system32\rdpclip.exe
     1903/10/14 2:37

HKLM\SOFTWARE\Microsoft\Windows NT\CurrentVersion\Winlogon\Userinit
   C:\Windows\system32\userinit.exe
     C:\Windows\system32\userinit.exe
     Userinit 登录应用程序
     Microsoft Corporation
     10.0.22000.653
     c:\windows\system32\userinit.exe
     1912/4/29 9:15

HKLM\SOFTWARE\Microsoft\Windows NT\CurrentVersion\Winlogon\VmApplet
   SystemPropertiesPerformance.exe
     SystemPropertiesPerformance.exe
     更改计算机性能设置
     Microsoft Corporation
     10.0.22000.1
     c:\windows\system32\systempropertiesperformance.exe
     1992/6/30 0:21

HKLM\SOFTWARE\Microsoft\Windows NT\CurrentVersion\Winlogon\Shell
   explorer.exe
     explorer.exe
     Windows 资源管理器
     Microsoft Corporation
     10.0.22000.593
     c:\windows\explorer.exe
     2017/8/29 8:46

HKLM\SYSTEM\CurrentControlSet\Control\SafeBoot\AlternateShell
   cmd.exe
     cmd.exe
     Windows 命令处理程序
     Microsoft Corporation
     10.0.22000.1
     c:\windows\system32\cmd.exe
     1962/5/25 6:09

HKLM\SOFTWARE\Microsoft\Windows\CurrentVersion\Run
   SecurityHealth
     %windir%\system32\SecurityHealthSystray.exe
     Windows Security notification icon
     Microsoft Corporation
     10.0.22000.65
     c:\windows\system32\securityhealthsystray.exe
     1926/12/3 7:27
   小米同步
     "C:\Program Files (x86)\Timi Personal Computing\MiTongBu\MiTongBu.exe" /minimize
     小米同步
     北京田米科技有限公司
     0.1.52.0
     c:\program files (x86)\timi personal computing\mitongbu\mitongbu.exe
     2018/12/10 13:13
   On Screen Display Utility
     C:\Program Files\MI\OSD Utility\1.1.0.289\OSDUtility.exe
     OSD Utility
     小米科技有限责任公司
     1.1.0.289
     c:\program files\mi\osd utility\1.1.0.289\osdutility.exe
     2021/10/21 0:23
   TabletDriver
     C:\Gaomon Tablet\Gaomon Tablet.exe huion-hklm
     TabletOEM
     1.0.0.0
     c:\gaomon tablet\gaomon tablet.exe
     2019/12/4 8:32
   AdobeGCInvoker-1.0
     "C:\Program Files (x86)\Common Files\Adobe\AdobeGCClient\AGCInvokerUtility.exe"
     Adobe GC Invoker Utility
     Adobe Systems, Incorporated
     7.7.0.35
     c:\program files (x86)\common files\adobe\adobegcclient\agcinvokerutility.exe
     2022/4/13 16:00
   RTHDVCPL
     "C:\Program Files\Realtek\Audio\HDA\RtkNGUI64.exe" -s
     Realtek高清晰音频管理器
     Realtek Semiconductor
     1.0.703.1
     c:\program files\realtek\audio\hda\rtkngui64.exe
     2019/12/5 16:21
   RtHDVBg_Dolby
     "C:\Program Files\Realtek\Audio\HDA\RAVBg64.exe" /FORPCEE4
     HD Audio Background Process
     Realtek Semiconductor
     1.0.296.1
     c:\program files\realtek\audio\hda\ravbg64.exe
     2019/10/9 15:58
   RtHDVBg_PushButton
     "C:\Program Files\Realtek\Audio\HDA\RAVBg64.exe" /IM
     HD Audio Background Process
     Realtek Semiconductor
     1.0.296.1
     c:\program files\realtek\audio\hda\ravbg64.exe
     2019/10/9 15:58
   APP
     C:\Program Files\Dolby\Dolby DAX3\APP\DAX3TrayIcon.exe -Hide
     DAXTrayIcon
     Dolby Laboratories, Inc.
     1.1.7.22
     c:\program files\dolby\dolby dax3\app\dax3trayicon.exe
     2017/9/20 0:10

HKLM\SOFTWARE\Wow6432Node\Microsoft\Windows\CurrentVersion\Run
   NI Update Service
     "C:\Program Files (x86)\National Instruments\Shared\Update Service\NIUpdateService.exe" -startupTask
     NI Update Service
     National Instruments
     2.0.1.143
     c:\program files (x86)\national instruments\shared\update service\niupdateservice.exe
     2011/11/3 1:15
   IncrediBuild Agent Monitor
     C:\Program Files (x86)\IncrediBuild\BuildTrayIcon.exe
     IncrediBuild Agent Tray-Icon
     IncrediBuild Software Ltd.
     9.44.0.3042
     c:\program files (x86)\incredibuild\buildtrayicon.exe
     1992/6/20 6:22

HKLM\SOFTWARE\Microsoft\Windows\CurrentVersion\RunOnce
   Delete Cached Update Binary
     C:\WINDOWS\system32\cmd.exe /q /c del /q "C:\Program Files\Microsoft OneDrive\Update\OneDriveSetup.exe"
     File not found: del

   Delete Cached Standalone Update Binary
     C:\WINDOWS\system32\cmd.exe /q /c del /q "C:\Program Files\Microsoft OneDrive\StandaloneUpdater\OneDriveSetup.exe"
     File not found: del


HKLM\SOFTWARE\Microsoft\Windows\CurrentVersion\Explorer\Shell Folders\Common Startup
   NI Error Reporting.lnk
     C:\ProgramData\Microsoft\Windows\Start Menu\Programs\Startup\NI Error Reporting.lnk
     NI Error Reporting Server
     National Instruments Corporation
     1.0.0.49153
     c:\program files (x86)\national instruments\shared\ni error reporting\nierserver.exe
     2011/6/19 7:09

HKLM\SOFTWARE\Microsoft\Active Setup\Installed Components
   Microsoft Windows Media Player
     %SystemRoot%\system32\unregmp2.exe /ShowWMP
     Microsoft Windows Media Player 安装实用程序
     Microsoft Corporation
     12.0.22000.653
     c:\windows\system32\unregmp2.exe
     1957/12/6 17:52
   Themes Setup
     themeui.dll
     Windows 主题 API
     Microsoft Corporation
     10.0.22000.65
     c:\windows\system32\themeui.dll
     1968/11/19 0:34
   Microsoft Windows Media Player
     %SystemRoot%\system32\unregmp2.exe /FirstLogon
     Microsoft Windows Media Player 安装实用程序
     Microsoft Corporation
     12.0.22000.653
     c:\windows\system32\unregmp2.exe
     1957/12/6 17:52
   Windows Desktop Update
     shell32.dll
     Windows Shell 公用 DLL
     Microsoft Corporation
     10.0.22000.593
     c:\windows\system32\shell32.dll
     2034/4/21 4:06
   Web Platform Customizations
     C:\Windows\System32\ie4uinit.exe -UserConfig
     IE 每用户初始化工具
     Microsoft Corporation
     11.0.22000.653
     c:\windows\system32\ie4uinit.exe
     1912/2/13 1:07
   n/a
     C:\Windows\System32\Rundll32.exe C:\Windows\System32\mscories.dll,Install
     Microsoft .NET IE SECURITY REGISTRATION
     Microsoft Corporation
     2.0.50727.9157
     c:\windows\system32\mscories.dll
     2021/5/4 12:13
   Google Chrome
     "C:\Program Files (x86)\Google\Chrome\Application\102.0.5005.63\Installer\chrmstp.exe" --configure-user-settings --verbose-logging --system-level --channel=stable
     Google Chrome Installer
     Google LLC
     102.0.5005.63
     c:\program files (x86)\google\chrome\application\102.0.5005.63\installer\chrmstp.exe
     2022/5/18 4:46
   Microsoft Edge
     "C:\Program Files (x86)\Microsoft\Edge\Application\102.0.1245.30\Installer\setup.exe" --configure-user-settings --verbose-logging --system-level --msedge --channel=stable
     Microsoft Edge Installer
     Microsoft Corporation
     102.0.1245.30
     c:\program files (x86)\microsoft\edge\application\102.0.1245.30\installer\setup.exe
     2022/5/31 11:02

HKLM\SOFTWARE\Wow6432Node\Microsoft\Active Setup\Installed Components
   Microsoft Windows Media Player
     %SystemRoot%\system32\unregmp2.exe /ShowWMP
     Microsoft Windows Media Player Setup Utility
     Microsoft Corporation
     12.0.22000.653
     c:\windows\syswow64\unregmp2.exe
     1926/6/2 9:24
   Microsoft Windows Media Player
     %SystemRoot%\system32\unregmp2.exe /FirstLogon
     Microsoft Windows Media Player Setup Utility
     Microsoft Corporation
     12.0.22000.653
     c:\windows\syswow64\unregmp2.exe
     1926/6/2 9:24
   n/a
     C:\Windows\SysWOW64\Rundll32.exe C:\Windows\SysWOW64\mscories.dll,Install
     Microsoft .NET IE SECURITY REGISTRATION
     Microsoft Corporation
     2.0.50727.9157
     c:\windows\syswow64\mscories.dll
     2021/5/4 12:32

HKLM\Software\Microsoft\Windows NT\CurrentVersion\Windows\IconServiceLib
   IconCodecService.dll
     IconCodecService.dll
     Converts a PNG part of the icon to a legacy bmp icon
     Microsoft Corporation
     10.0.22000.1
     c:\windows\system32\iconcodecservice.dll
     1982/5/19 6:11

HKCU\SOFTWARE\Microsoft\Windows\CurrentVersion\Run
   OneDrive
     "C:\Program Files\Microsoft OneDrive\OneDrive.exe" /background
     Microsoft OneDrive
     Microsoft Corporation
     22.99.508.1
     c:\program files\microsoft onedrive\onedrive.exe
     1917/8/15 1:28
   BaiduYunGuanjia
     "C:\Users\10658\AppData\Roaming\baidu\BaiduNetdisk\baidunetdisk.exe" AutoRun
     BaiduNetdisk
     Baidu.com, Inc.
     7.14.2.9
     c:\users\10658\appdata\roaming\baidu\baidunetdisk\baidunetdisk.exe
     2022/4/8 12:12
   BaiduYunDetect
     "C:\Users\10658\AppData\Roaming\baidu\BaiduNetdisk\YunDetectService.exe"
     YunDetectService
     Baidu.com, Inc.
     7.14.2.9
     c:\users\10658\appdata\roaming\baidu\baidunetdisk\yundetectservice.exe
     2022/4/8 12:14
   FLYSVR
     "C:\Users\10658\AppData\Local\FLYSVR\winhost.exe"
     winhost
     winhost
     5.2.1.6
     c:\users\10658\appdata\local\flysvr\winhost.exe
     2020/6/1 19:49
   TabletDriver
     C:\Gaomon Tablet\x64\TabletDriverCore.exe
     c:\gaomon tablet\x64\tabletdrivercore.exe
     2019/12/3 17:02
   Steam
     "C:\Program Files (x86)\Steam\steam.exe" -silent
     Steam
     Valve Corporation
     7.26.91.55
     c:\program files (x86)\steam\steam.exe
     2022/5/21 10:24
   MicrosoftEdgeAutoLaunch_442209423FE78B40B0F1B63BA2E23ACD
     "C:\Program Files (x86)\Microsoft\Edge\Application\msedge.exe" --no-startup-window --win-session-start /prefetch:5
     Microsoft Edge
     Microsoft Corporation
     101.0.1210.53
     c:\program files (x86)\microsoft\edge\application\msedge.exe
     2022/5/19 1:45

HKCU\SOFTWARE\Microsoft\Windows\CurrentVersion\Run
   OneDrive
     "C:\Program Files\Microsoft OneDrive\OneDrive.exe" /background
     Microsoft OneDrive
     Microsoft Corporation
     22.99.508.1
     c:\program files\microsoft onedrive\onedrive.exe
     1917/8/15 1:28
   BaiduYunGuanjia
     "C:\Users\10658\AppData\Roaming\baidu\BaiduNetdisk\baidunetdisk.exe" AutoRun
     BaiduNetdisk
     Baidu.com, Inc.
     7.14.2.9
     c:\users\10658\appdata\roaming\baidu\baidunetdisk\baidunetdisk.exe
     2022/4/8 12:12
   BaiduYunDetect
     "C:\Users\10658\AppData\Roaming\baidu\BaiduNetdisk\YunDetectService.exe"
     YunDetectService
     Baidu.com, Inc.
     7.14.2.9
     c:\users\10658\appdata\roaming\baidu\baidunetdisk\yundetectservice.exe
     2022/4/8 12:14
   FLYSVR
     "C:\Users\10658\AppData\Local\FLYSVR\winhost.exe"
     winhost
     winhost
     5.2.1.6
     c:\users\10658\appdata\local\flysvr\winhost.exe
     2020/6/1 19:49
   TabletDriver
     C:\Gaomon Tablet\x64\TabletDriverCore.exe
     c:\gaomon tablet\x64\tabletdrivercore.exe
     2019/12/3 17:02
   Steam
     "C:\Program Files (x86)\Steam\steam.exe" -silent
     Steam
     Valve Corporation
     7.26.91.55
     c:\program files (x86)\steam\steam.exe
     2022/5/21 10:24
   MicrosoftEdgeAutoLaunch_442209423FE78B40B0F1B63BA2E23ACD
     "C:\Program Files (x86)\Microsoft\Edge\Application\msedge.exe" --no-startup-window --win-session-start /prefetch:5
     Microsoft Edge
     Microsoft Corporation
     101.0.1210.53
     c:\program files (x86)\microsoft\edge\application\msedge.exe
     2022/5/19 1:45
     
PS C:\Users\10658\Desktop> ipconfig /all

Windows IP 配置

   主机名  . . . . . . . . . . . . . : L-165
   主 DNS 后缀 . . . . . . . . . . . :
   节点类型  . . . . . . . . . . . . : 混合
   IP 路由已启用 . . . . . . . . . . : 否
   WINS 代理已启用 . . . . . . . . . : 否

以太网适配器 以太网 2:

   媒体状态  . . . . . . . . . . . . : 媒体已断开连接
   连接特定的 DNS 后缀 . . . . . . . :
   描述. . . . . . . . . . . . . . . : Sangfor SSL VPN CS Support System VNIC
   物理地址. . . . . . . . . . . . . : 00-FF-7A-94-DF-1B
   DHCP 已启用 . . . . . . . . . . . : 是
   自动配置已启用. . . . . . . . . . : 是

以太网适配器 以太网 4:

   连接特定的 DNS 后缀 . . . . . . . :
   描述. . . . . . . . . . . . . . . : VirtualBox Host-Only Ethernet Adapter
   物理地址. . . . . . . . . . . . . : 0A-00-27-00-00-05
   DHCP 已启用 . . . . . . . . . . . : 否
   自动配置已启用. . . . . . . . . . : 是
   本地链接 IPv6 地址. . . . . . . . : fe80::68ad:163e:3354:c483%5(首选)
   IPv4 地址 . . . . . . . . . . . . : 192.168.56.1(首选)
   子网掩码  . . . . . . . . . . . . : 255.255.255.0
   默认网关. . . . . . . . . . . . . :
   DHCPv6 IAID . . . . . . . . . . . : 839516199
   DHCPv6 客户端 DUID  . . . . . . . : 00-01-00-01-26-10-B5-97-38-00-25-F3-3F-E0
   TCPIP 上的 NetBIOS  . . . . . . . : 已启用

无线局域网适配器 本地连接* 3:

   媒体状态  . . . . . . . . . . . . : 媒体已断开连接
   连接特定的 DNS 后缀 . . . . . . . :
   描述. . . . . . . . . . . . . . . : Microsoft Wi-Fi Direct Virtual Adapter #3
   物理地址. . . . . . . . . . . . . : 38-00-25-F3-3F-E1
   DHCP 已启用 . . . . . . . . . . . : 是
   自动配置已启用. . . . . . . . . . : 是

无线局域网适配器 本地连接* 12:

   媒体状态  . . . . . . . . . . . . : 媒体已断开连接
   连接特定的 DNS 后缀 . . . . . . . :
   描述. . . . . . . . . . . . . . . : Microsoft Wi-Fi Direct Virtual Adapter #4
   物理地址. . . . . . . . . . . . . : 3A-00-25-F3-3F-E0
   DHCP 已启用 . . . . . . . . . . . : 是
   自动配置已启用. . . . . . . . . . : 是

无线局域网适配器 WLAN:

   连接特定的 DNS 后缀 . . . . . . . :
   描述. . . . . . . . . . . . . . . : Intel(R) Dual Band Wireless-AC 8265
   物理地址. . . . . . . . . . . . . : 38-00-25-F3-3F-E0
   DHCP 已启用 . . . . . . . . . . . : 是
   自动配置已启用. . . . . . . . . . : 是
   IPv6 地址 . . . . . . . . . . . . : 2001:da8:1002:a001::6:fb5b(首选)
   获得租约的时间  . . . . . . . . . : 2022年6月2日 18:28:41
   租约过期的时间  . . . . . . . . . : 2022年6月3日 0:23:03
   本地链接 IPv6 地址. . . . . . . . : fe80::dc66:99ad:d20:fa16%15(首选)
   IPv4 地址 . . . . . . . . . . . . : 10.208.74.46(首选)
   子网掩码  . . . . . . . . . . . . : 255.255.192.0
   获得租约的时间  . . . . . . . . . : 2022年6月2日 18:27:37
   租约过期的时间  . . . . . . . . . : 2022年6月3日 10:54:01
   默认网关. . . . . . . . . . . . . : fe80::200:5eff:fe00:101%15
                                       10.208.64.1
   DHCP 服务器 . . . . . . . . . . . : 10.208.64.1
   DHCPv6 IAID . . . . . . . . . . . : 137887781
   DHCPv6 客户端 DUID  . . . . . . . : 00-01-00-01-26-10-B5-97-38-00-25-F3-3F-E0
   DNS 服务器  . . . . . . . . . . . : 10.80.128.28
                                       10.81.254.4
   TCPIP 上的 NetBIOS  . . . . . . . : 已启用

以太网适配器 蓝牙网络连接:

   媒体状态  . . . . . . . . . . . . : 媒体已断开连接
   连接特定的 DNS 后缀 . . . . . . . :
   描述. . . . . . . . . . . . . . . : Bluetooth Device (Personal Area Network)
   物理地址. . . . . . . . . . . . . : 38-00-25-F3-3F-E4
   DHCP 已启用 . . . . . . . . . . . : 是
   自动配置已启用. . . . . . . . . . : 是
   
  
PS C:\Users\10658\Desktop> route print
===========================================================================
接口列表
 13...00 ff 7a 94 df 1b ......Sangfor SSL VPN CS Support System VNIC
  5...0a 00 27 00 00 05 ......VirtualBox Host-Only Ethernet Adapter
 19...38 00 25 f3 3f e1 ......Microsoft Wi-Fi Direct Virtual Adapter #3
 23...3a 00 25 f3 3f e0 ......Microsoft Wi-Fi Direct Virtual Adapter #4
 15...38 00 25 f3 3f e0 ......Intel(R) Dual Band Wireless-AC 8265
 11...38 00 25 f3 3f e4 ......Bluetooth Device (Personal Area Network)
  1...........................Software Loopback Interface 1
===========================================================================

IPv4 路由表
===========================================================================
活动路由:
网络目标        网络掩码          网关       接口   跃点数
          0.0.0.0          0.0.0.0      10.208.64.1     10.208.74.46     35
      10.208.64.0    255.255.192.0            在链路上      10.208.74.46    291
     10.208.74.46  255.255.255.255            在链路上      10.208.74.46    291
   10.208.127.255  255.255.255.255            在链路上      10.208.74.46    291
        127.0.0.0        255.0.0.0            在链路上         127.0.0.1    331
        127.0.0.1  255.255.255.255            在链路上         127.0.0.1    331
  127.255.255.255  255.255.255.255            在链路上         127.0.0.1    331
     192.168.56.0    255.255.255.0            在链路上      192.168.56.1    281
     192.168.56.1  255.255.255.255            在链路上      192.168.56.1    281
   192.168.56.255  255.255.255.255            在链路上      192.168.56.1    281
        224.0.0.0        240.0.0.0            在链路上         127.0.0.1    331
        224.0.0.0        240.0.0.0            在链路上      192.168.56.1    281
        224.0.0.0        240.0.0.0            在链路上      10.208.74.46    291
  255.255.255.255  255.255.255.255            在链路上         127.0.0.1    331
  255.255.255.255  255.255.255.255            在链路上      192.168.56.1    281
  255.255.255.255  255.255.255.255            在链路上      10.208.74.46    291
===========================================================================
永久路由:
  无

IPv6 路由表
===========================================================================
活动路由:
 接口跃点数网络目标                网关
 15    291 ::/0                     fe80::200:5eff:fe00:101
  1    331 ::1/128                  在链路上
 15    291 2001:da8:1002:a001::6:fb5b/128
                                    在链路上
  5    281 fe80::/64                在链路上
 15    291 fe80::/64                在链路上
  5    281 fe80::68ad:163e:3354:c483/128
                                    在链路上
 15    291 fe80::dc66:99ad:d20:fa16/128
                                    在链路上
  1    331 ff00::/8                 在链路上
  5    281 ff00::/8                 在链路上
 15    291 ff00::/8                 在链路上
===========================================================================
永久路由:
  无
  
PS C:\Users\10658\Desktop> arp -a

接口: 192.168.56.1 --- 0x5
  Internet 地址         物理地址              类型
  192.168.56.255        ff-ff-ff-ff-ff-ff     静态
  224.0.0.2             01-00-5e-00-00-02     静态
  224.0.0.22            01-00-5e-00-00-16     静态
  224.0.0.251           01-00-5e-00-00-fb     静态
  224.0.0.252           01-00-5e-00-00-fc     静态
  239.255.255.250       01-00-5e-7f-ff-fa     静态

接口: 10.208.74.46 --- 0xf
  Internet 地址         物理地址              类型
  10.208.64.1           00-00-5e-00-01-01     动态
  10.208.127.255        ff-ff-ff-ff-ff-ff     静态
  224.0.0.2             01-00-5e-00-00-02     静态
  224.0.0.22            01-00-5e-00-00-16     静态
  224.0.0.251           01-00-5e-00-00-fb     静态
  224.0.0.252           01-00-5e-00-00-fc     静态
  239.255.255.250       01-00-5e-7f-ff-fa     静态
  255.255.255.255       ff-ff-ff-ff-ff-ff     静态
  
PS C:\Users\10658\Desktop> .\pslist.exe

PsList v1.4 - Process information lister
Copyright (C) 2000-2016 Mark Russinovich
Sysinternals - www.sysinternals.com

Process information for L-165:

Name                Pid Pri Thd  Hnd   Priv        CPU Time    Elapsed Time
Idle                  0   0  16    0     60   265:48:18.359    71:22:28.696
System                4   8 241 10434     68     0:32:16.078    71:22:28.696
Registry            160   8   4    0  12536     0:00:08.343    71:22:31.293
smss                536  11   2   57   1100     0:00:00.406    71:22:28.689
csrss               740  13  18  741   2380     0:00:19.250    71:22:22.958
wininit             840  13   1  149   1372     0:00:00.078    71:22:21.844
csrss               852  13  15  890   2864     0:00:28.593    71:22:21.838
services            912   9   6  830   6288     0:01:15.296    71:22:21.723
lsass               932   9  10 1670   9468     0:01:52.500    71:22:21.661
winlogon           1000  13   7  270   2808     0:00:02.093    71:22:21.578
fontdrvhost         724   8   5   37   2240     0:00:00.062    71:22:21.457
fontdrvhost         628   8   5   37  11392     0:00:07.203    71:22:21.457
svchost            1060   8  21 1754  15284     0:01:34.046    71:22:21.425
WUDFHost           1116   8   5  239   5052     0:00:01.234    71:22:21.386
svchost            1156   8  13 1534  14356     0:02:56.125    71:22:21.346
svchost            1232   8   4  348   3196     0:00:20.640    71:22:21.236
dwm                1300  13  24 1642 217456     0:44:55.515    71:22:21.147
svchost            1436   8   3  244   1848     0:00:01.109    71:22:20.950
svchost            1464   8  14  390   3416     0:00:10.093    71:22:20.946
svchost            1480   8   2  250   2024     0:00:00.531    71:22:20.940
svchost            1496   8   2  198   1928     0:00:00.125    71:22:20.938
svchost            1512   8   7  265   3144     0:00:02.765    71:22:20.936
svchost            1628   8   4  258   2524     0:00:02.312    71:22:20.910
svchost            1640   8   2  308   2072     0:00:01.078    71:22:20.908
svchost            1768   8   8  414   6592     0:00:22.984    71:22:20.879
svchost            1840   8   4  191   2592     0:00:01.546    71:22:20.863
svchost            1900   8  10  433   2884     0:00:00.156    71:22:20.839
svchost            2008   8   5  168   8284     0:00:12.125    71:22:20.784
svchost            2016   8   7  428   3192     0:00:10.765    71:22:20.783
svchost            1080   8   1  128   1512     0:00:00.453    71:22:20.768
svchost            2136   8   2  256   4092     0:01:57.984    71:22:20.728
svchost            2172   8   1  115   1392     0:00:00.109    71:22:20.713
svchost            2192   8  24  947  52664     0:04:16.843    71:22:20.704
svchost            2212   8   1  137   1364     0:00:00.078    71:22:20.693
svchost            2220   8   3  172   1872     0:00:00.296    71:22:20.692
svchost            2420   8   2  395   2484     0:00:01.343    71:22:20.638
svchost            2448   8   4  180   1716     0:00:00.250    71:22:20.629
svchost            2668   8   5  179   1904     0:00:00.843    71:22:20.521
svchost            2676   8   1  205   2016     0:00:00.125    71:22:20.517
svchost            2732   8  12  346   4384     0:38:48.437    71:22:20.493
NVDisplay.Container  2744   8   8  263   3976     0:00:01.812    71:22:20.487
dasHost            2780   8   2  764   3500     0:00:00.156    71:22:20.476
svchost            2848   8   7  440  16484     0:00:10.437    71:22:20.434
svchost            2856   8   5  201   1996     0:00:00.234    71:22:20.433
svchost            2920   8   3  270   1312     0:00:00.359    71:22:20.385
svchost            2936   8   3  226   2536     0:02:55.312    71:22:20.384
svchost            2952   8   4  181   1944     0:00:00.593    71:22:20.381
Memory Compression  2760   8  42    0   1804     0:04:26.484    71:22:20.306
svchost            3128   8  10  309   4868     0:01:10.234    71:22:20.281
svchost            3172   8   2  181   1980     0:00:00.765    71:22:20.222
igfxCUIService     3248   8   2  170   2072     0:00:00.125    71:22:20.149
svchost            3288   8  10  224   3016     0:02:05.093    71:22:20.129
svchost            3320   8   2  214   1912     0:00:02.781    71:22:20.109
svchost            3328   8   7  184   2188     0:00:04.828    71:22:20.106
svchost            4684   8   7  551   2316     0:00:03.328    71:22:19.555
svchost            4816   8   5  346  11740     0:02:19.187    71:22:19.323
NVDisplay.Container  4852   8  24  557  26680     0:00:12.921    71:22:19.311
svchost            5804   8  10  455   3984     0:00:29.984    71:22:19.095
RtkAudioService64  5852   8   2  173   1880     0:00:00.109    71:22:19.063
svchost            5888   8   7  238   2168     0:00:00.625    71:22:19.042
svchost            5928   8   8  436   5472     0:00:07.187    71:22:19.008
svchost            5936   8   3  154   1696     0:00:01.062    71:22:19.007
svchost            6000   8  14  534   7768     0:00:13.281    71:22:18.832
svchost            6208   8   5  237   2884     0:00:00.453    71:22:18.788
spoolsv            6252   8   8  553   8684     0:00:15.500    71:22:18.753
svchost            6348   8  15  447  14620     0:02:34.328    71:22:18.684
RAVBg64            6624   8   4  306   5800     0:00:00.453    71:22:18.543
svchost            6640   8   2  199   2296     0:00:03.218    71:22:18.541
wlanext            6696   8   8  402   5732     0:00:04.015    71:22:18.502
conhost            6708   8   2   82   5292     0:00:00.031    71:22:18.493
AGMService         6712   8   3  242   3868     0:00:00.312    71:22:18.167
svchost            6852   8  20  389  44796     0:04:16.796    71:22:18.163
svchost            6832   8   9  511  28676     0:00:29.390    71:22:18.161
IntelCpHDCPSvc     7176   8   3  154   1724     0:00:00.078    71:22:18.147
SystemWebServer    7184   8   8  283   6364     0:05:09.500    71:22:18.145
EvtEng             7192   8  20  354   5692     0:00:01.718    71:22:18.139
AGSService         7200   8   3  351   4904     0:00:02.531    71:22:18.138
DAX3API            7212   8   6  402  22672     0:00:03.421    71:22:18.137
OfficeClickToRun   7268   8  17  686  38660     0:00:29.390    71:22:18.125
ibtsiva            7276   8   1   90   1148     0:00:00.343    71:22:18.124
FlashCenterService  7284   8   4  403   5412     0:00:13.046    71:22:18.124
ICEsoundService64  7304   8   6 613407 251516     0:26:55.140    71:22:18.122
lkads              7340   8  11  306   4492     0:00:00.343    71:22:18.110
svchost            7364   8   7  376   3060     0:00:23.375    71:22:18.100
UpdateService      7372   8   3  252   3344     0:00:04.890    71:22:18.099
IpOverUsbSvc       7384   8   6  319   8192     0:00:00.765    71:22:18.097
OSDService         7432   8  42  378   6892     0:00:09.921    71:22:18.090
RegSrvc            7448   8   2  180   2192     0:00:00.218    71:22:18.082
QQProtect          7456   8  13  438  15972     0:00:17.953    71:22:18.082
NvTelemetryContainer  7468   8   9  245   4240     0:00:10.156    71:22:18.078
svchost            7488   8   1  148   1692     0:00:00.109    71:22:18.068
SecoClientPromoteService  7496   8   5  207  35796     0:00:01.750    71:22:18.067
SangforPWEx        7504   8   6  268   4660     0:00:01.296    71:22:18.061
SangforPromoteService  7512   8  12  465   7420     0:11:04.609    71:22:18.059
UPService          7540   8   6  199   4676     0:31:49.328    71:22:18.053
MsMpEng            7572   8  59 1027 291616     1:49:42.156    71:22:18.043
svchost            7584   8  12  612  19376     0:00:41.312    71:22:18.042
svchost            7604   8  12  611  10524     0:00:23.203    71:22:18.039
svchost            7624   8   3  128   1284     0:00:00.109    71:22:18.032
SESecurityCenter   7660   8  39  336  11620     0:00:36.890    71:22:18.025
BuildService       7692   8  11  297   6088     0:01:06.234    71:22:18.021
CoordService       7700   8   6  227   5700     0:03:42.421    71:22:18.021
ZeroConfigService  7712   8  13  349   5264     0:00:08.546    71:22:18.020
sqlwriter          7732   8   2  138   2048     0:00:00.046    71:22:18.018
svchost            7740   8   6  205   2448     0:00:01.125    71:22:18.016
svchost            7756   8   7  445   5464     0:00:07.546    71:22:18.012
IntelCpHeciSvc     8324   8   3  140   1640     0:00:00.078    71:22:17.687
nidmsrv            8564   8  14  301   4800     0:00:00.375    71:22:17.487
lkcitdl            8596   8  14  301   5224     0:00:00.359    71:22:17.480
lktsrv             8604   8  16  313   5296     0:00:41.281    71:22:17.478
sqlceip            8840   6  11  709  30336     0:00:51.281    71:22:17.280
svchost            8868   8  14  428   3772     0:00:04.281    71:22:17.255
unsecapp           9612   8   4  137   2156     0:00:01.656    71:22:16.560
WmiPrvSE           9908   8   5  269   4032     0:00:07.328    71:22:16.344
AggregatorHost    10312   8   1   91   1328     0:00:00.828    71:22:16.086
nimdnsResponder   11488   8   4  323   3320     0:00:14.531    71:22:10.494
ApplicationWebServer 11496   8   6  266   5816     0:05:34.140    71:22:10.490
sihost            12236   8  11  731   6956     0:01:24.578    71:22:07.832
SangforUDProtectEx 12280   8   6  242   5656     0:05:34.984    71:22:07.750
svchost           11356   8   1  140   2172     0:00:03.875    71:22:07.744
svchost            2056   8  13  465   9156     0:00:32.250    71:22:07.741
svchost           11472   8   3  178   1932     0:00:00.171    71:22:07.740
PresentationFontCache  1424   8   4  256  19376     0:00:01.921    71:22:07.700
svchost            7156   8   5  742   8560     0:00:08.281    71:22:07.666
svchost           11652   8   4  296   4012     0:00:21.796    71:22:07.467
taskhostw         11120   8   8  314   7852     0:00:10.734    71:22:07.220
svchost           12216   8   9  426   5468     0:00:08.218    71:22:06.471
igfxEM            12512   8   4  231   3888     0:00:02.031    71:22:05.735
GoogleCrashHandler 12564   4   3  180   1760     0:00:00.125    71:22:05.553
GoogleCrashHandler64 12652   4   3  162   1700     0:00:00.046    71:22:05.367
svchost           12768   8  11  306   5728     0:00:03.359    71:22:05.029
explorer          13240   8 208 6826 245268     0:34:03.359    71:22:04.319
svchost           13272   8   3  159   1732     0:00:03.953    71:22:04.242
ECAgent           12496   8  13  473   8928     0:01:53.984    71:22:03.502
SCMainFrame       11684   8   3  164   6756     0:00:00.359    71:22:03.233
UPSecurityInput   11176   8  28  290  12104     0:14:36.390    71:22:02.051
NisSrv            11700   8  10  221   5412     0:00:07.843    71:21:56.707
NisSrv             9392   8  25  601  37724     0:05:02.500    71:21:56.409
svchost           12952   8   3  324   2960     0:00:01.921    71:21:56.157
svchost           13764   8  11  498  49972     0:00:01.015    71:21:54.287
FlashRepair       13392   8   7  338   9928     0:00:01.593    71:21:47.021
SearchIndexer      1036   8  16  893  45016     0:15:50.765    71:21:46.747
SecurityHealthService 14200   8   9  401   3648     0:00:01.828    71:21:43.176
svchost           13236   8   7  253   3424     0:00:03.500    71:21:41.301
StartMenuExperienceHost 14144   8   8  664  27256     0:00:07.421    71:21:39.729
SearchHost        14124   8  43 1272  94520     0:00:15.640    71:21:39.688
RuntimeBroker     14352   8  11  588  10932     0:00:05.812    71:21:39.348
RuntimeBroker     14456   8   3  293   6508     0:00:02.406    71:21:39.000
svchost           14488   8   2  179   2212     0:00:00.140    71:21:38.923
dllhost           15080   8   7  277   6416     0:00:00.812    71:21:37.392
TextInputHost     15720  13  44 1606  75360     0:01:12.531    71:21:30.182
svchost           16108   8   5  300   3808     0:00:03.500    71:21:26.792
ShellExperienceHost 16212   8  15  630  16248     0:00:02.687    71:21:26.669
YourPhone         16300   8  16  836  32212     0:00:09.156    71:21:26.557
RuntimeBroker     15764   8   2  220   2872     0:00:00.921    71:21:25.791
ctfmon            14592  13  14  830  25016     0:04:36.640    71:21:25.106
RuntimeBroker     14764   8   1  254   3028     0:00:02.687    71:21:24.035
ChsIME             1544   8   2  137   1600     0:00:00.031    71:21:23.958
svchost           14876   8   6  231   2744     0:00:01.890    71:21:22.015
SecurityHealthSystray 16668   8   1  177   2028     0:00:00.171    71:21:15.027
MiTongBu          16720   8  39 1212  90304     0:02:12.890    71:21:14.653
ChsIME             6340   8   4  345   5972     0:00:01.093    71:21:08.534
OSDUtility        16556   8  24  243   4912     0:00:25.265    71:21:07.662
unsecapp          11824   8   2  123   1808     0:00:06.015    71:21:07.198
Gaomon Tablet     16632   8  14  494  46972     0:06:11.062    71:21:06.652
RtkNGUI64         16984   8   6  400   4452     0:00:01.625    71:21:04.565
RAVBg64           11520   8   4  308   5856     0:00:00.890    71:21:03.730
RAVBg64           16244   8   4  288   4348     0:00:00.359    71:21:02.995
DAX3TrayIcon      17312   8   2  142   3888     0:00:00.187    71:21:02.385
yundetectservice   9640   8  13  348   6656     0:01:00.578    71:20:56.700
CefSharp.BrowserSubprocess 14296   8  26  519  90328     0:00:04.453    71:20:56.126
winhost           13968   8   5  466   5456     0:02:35.484    71:20:51.714
TabletDriverCore   7788   8   4  141   8960     0:02:51.515    71:20:50.031
CefSharp.BrowserSubprocess 10712   8  21  563  82728     0:00:02.953    71:20:49.202
svchost           16044   8   5  179   2580     0:00:01.859    71:20:46.432
nierserver        18344   8   2  140   1776     0:00:00.109    71:20:41.640
xgTrayIcon        17980   8   4  237   7000     0:01:26.421    71:20:33.650
svchost           13980   8  10  410   6200     0:00:39.062    71:20:24.014
svchost           15200   8   1  273   3524     0:00:07.140    71:20:23.781
steam             18048   8  33 1109  53680     1:10:22.062    71:20:21.339
steamwebhelper    13000   8  22  761  22764     0:04:30.312    71:20:19.394
steamwebhelper    15328   8   7  257   7792     0:00:00.562    71:20:18.451
steamwebhelper    18208  10  19  557  38396     0:00:01.390    71:20:17.971
steamwebhelper    18252   8  11  427  15596     0:01:47.765    71:20:16.952
steamservice      10752   8   5  289   6460     0:00:01.781    71:20:16.779
jhi_service        6572   8   2  214   2104     0:00:00.234    71:20:09.524
LMS               17932   8   4  273   3920     0:00:01.703    71:20:09.051
SgrmBroker         7920   8   6  107   7716     0:00:09.453    71:20:08.519
svchost           16684   8   3  418   5416     0:00:02.578    71:20:07.586
svchost            7312   8   7  254   3196     0:00:02.328    71:20:07.456
svchost            1584   8   2  107   1248     0:00:00.078    71:20:03.765
QQ                 3568   8  90 1607 210544     1:00:56.125    71:20:01.730
steamwebhelper    10216   8  18  504  24108     0:00:00.500    71:19:38.076
steamwebhelper     5600   4  18  541  74804     0:00:11.765    71:19:38.045
steamwebhelper     5652  10  19  529  70076     0:00:05.718    71:19:37.969
TXPlatform         7328   8   2  156   1924     0:00:00.062    71:19:27.931
SystemSettings    16512   8  24 1098  37964     0:00:02.671    71:18:11.151
ApplicationFrameHost  2796   8   3  376  13740     0:00:01.578    71:18:11.150
msedge            18132   8  53 3410 215024     1:01:00.812    71:16:27.747
msedge            13512   8   8  401   2092     0:00:00.609    71:16:27.701
msedge            15240  10  25  886 368392     0:40:36.671    71:16:27.473
msedge             7772   8  16  428  23552     0:06:45.296    71:16:27.461
msedge             4248   8   9  238   9348     0:00:03.312    71:16:27.342
Widgets            8864   8   9  715   9132     0:01:26.578    71:16:24.931
svchost           10196   8   7  527   4552     0:00:04.890    71:16:24.636
msedgewebview2     9460   8  27 1170  32508     0:02:42.109    71:16:24.020
msedgewebview2     8372   8   8  145   1976     0:00:00.234    71:16:23.913
msedgewebview2     3624  10  21  445  69320     0:04:55.625    71:16:23.491
msedgewebview2     9028   8  12  331  11844     0:01:49.593    71:16:23.476
msedgewebview2    15776   8   7  198   6928     0:00:00.312    71:16:23.432
msedgewebview2    11424   4  16  404 136300     0:04:32.984    71:16:23.265
svchost           12616   8   3  331   5672     0:00:01.562    71:15:16.469
LockApp           10144   8  12  550  16484     0:00:05.406    71:14:38.837
RuntimeBroker     13800   8  13  507  11532     0:00:18.000    71:14:38.480
svchost            5956   8   5  173   2436     0:00:00.500    71:14:38.220
dllhost           18356   8   2  118   1664     0:00:00.203    50:31:04.341
svchost           17444   8   5  191   6728     0:00:00.156    50:20:52.263
Microsoft.Photos   9832   8  13  764  48988     0:00:09.468    50:01:04.618
Video.UI           7936   8  23  685  19208     0:00:00.781    50:01:04.515
RuntimeBroker     17208   8   1  124   1468     0:00:00.031    50:01:03.829
RuntimeBroker      8532   8   6  476  12160     0:00:26.500    50:01:02.953
msedge            17244   8   9  265   8236     0:00:14.796    48:02:28.362
RuntimeBroker     15524   8   3  259   5732     0:00:13.734    48:02:28.162
msedge            17176   8   9  256   7656     0:00:05.437    47:57:09.596
OneDrive          13792   8  27  884  38756     0:00:47.328    47:20:02.451
msedge             2768   4  17  597  63852     0:00:16.406    36:13:07.801
msedge             5516   8   8  212   8940     0:00:02.812    36:08:45.062
msedge            11412   4  17  639  50824     0:00:22.671    36:08:25.208
msedge            10812   4  17  361  28536     0:00:15.203    36:08:23.915
explorer           3844   8  17 1161  46484     0:02:09.343    28:55:17.550
explorer           1456   8  17 1181  47504     0:02:08.406    28:55:16.802
msedge            20036   4  17  242  13080     0:00:00.250    27:41:21.123
taskhostw         20532   8   5  335   6648     0:00:00.843    22:13:26.440
backgroundTaskHost 16804   8  10  278  11780     0:00:00.250     5:38:02.652
RuntimeBroker     15244   8   1  117   1288     0:00:00.031     5:38:02.152
Notepad            9872   8   5  575  20500     0:00:06.468     5:12:23.558
msedge             8344   4  17  312  47160     0:00:14.296     4:57:35.697
msedge            17412   4  17  333  51600     0:00:44.593     4:56:26.694
msedge            11752   8  17  294  29000     0:00:05.828     4:55:50.140
msedge             3256   4  17  277  16748     0:00:00.593     4:55:28.450
VBoxSVC           20420   8  15  817  13880     0:00:04.375     4:55:03.928
VBoxSDS            1816   8   3  193   2140     0:00:00.046     4:55:03.688
VirtualBox         9196   8  10  496  87932     0:00:23.015     4:51:34.531
msedge            16716   4  18  413 109212     0:02:06.796     4:49:38.229
msedge            20836   4  18  346  51304     0:00:16.312     4:15:23.079
msedge            14524   4  17  280  16824     0:00:00.312     4:10:01.469
msedge            17096   4  18  348  70204     0:00:23.062     2:48:33.027
msedge            21908   4  17  288  17460     0:00:00.500     2:47:53.806
msedge            18512   4  17  360  59240     0:00:14.953     2:47:30.475
msedge            14360   4  18  317  50244     0:00:03.484     2:31:10.748
msedge             2284   4  18  326  43108     0:00:06.953     2:30:54.087
msedge             4092   4  20  390  63584     0:00:27.187     2:28:46.417
msedge             4316   4  18  350  52380     0:00:08.187     2:17:57.795
msedge             4056   4  17  327  44816     0:00:04.390     2:15:57.573
svchost           10760   8   3  116   1244     0:00:00.140     1:12:27.413
msedge            12180   4  17  322  47088     0:00:06.734     0:58:09.755
msedge             1096   4  17  280  16764     0:00:00.171     0:57:55.027
msedge            21560   4  17  355  48656     0:00:02.968     0:57:43.558
msedge            19644   4  17  281  16840     0:00:00.328     0:56:55.237
msedge            15184   4  17  597  67692     0:00:10.437     0:54:53.356
msedge            15824   4  17  717 105596     0:00:25.046     0:54:48.710
msedge            22340   4  18  326  71312     0:01:02.062     0:54:22.388
RuntimeBroker     22000   8   2  139   2144     0:00:00.171     0:32:39.479
msedge            13172   4  18  376  81540     0:00:50.312     0:25:42.153
msedge            17472   4  18  349  38896     0:00:04.062     0:21:14.590
svchost           17524   8   5  241   3892     0:00:00.062     0:13:40.237
WindowsTerminal    9588   8  18  662  30016     0:00:12.562     0:10:33.281
OpenConsole       14824   8   7  160   2384     0:00:00.296     0:10:32.095
powershell         4492   8  14  515  54264     0:00:01.578     0:10:32.090
msedge            22044   4  18  335  30876     0:00:02.031     0:08:31.926
msedge            20340   4  17  344  50820     0:00:05.296     0:08:30.763
msedge            11996   4  16  269  21604     0:00:00.859     0:08:17.825
msedge            13660   4  16  271  16756     0:00:00.218     0:08:08.508
msedge            16660   4  18  341  44768     0:00:03.828     0:07:54.637
SearchProtocolHost 16404   4  10  366   2860     0:00:00.187     0:00:45.977
msedge            21308   4  16  234  12948     0:00:00.140     0:00:45.948
SearchFilterHost  21168   4   7  171   2176     0:00:00.078     0:00:44.053
smartscreen       19148   8  17  579  10644     0:00:00.546     0:00:18.634
pslist            19968  13   4  235   4032     0:00:00.750     0:00:00.514
